// Vitest Snapshot v1, https://vitest.dev/guide/snapshot.html

exports[`FormSelectOption should match snapshot (auto-generated) 1`] = `
<DocumentFragment>
  <option
    class="''"
    value=""
  >
    string
  </option>
</DocumentFragment>
`;
