// Vitest Snapshot v1, https://vitest.dev/guide/snapshot.html

exports[`ChartLegendTooltipContent 1`] = `
<DocumentFragment>
  <g>
    <rect
      height="0"
      role="presentation"
      shape-rendering="auto"
      style="fill: none;"
      vector-effect="non-scaling-stroke"
      width="0"
      x="NaN"
      y="NaN"
    />
  </g>
</DocumentFragment>
`;

exports[`ChartLegendTooltipContent 2`] = `
<DocumentFragment>
  <g>
    <rect
      height="0"
      role="presentation"
      shape-rendering="auto"
      style="fill: none;"
      vector-effect="non-scaling-stroke"
      width="0"
      x="NaN"
      y="NaN"
    />
  </g>
</DocumentFragment>
`;

exports[`renders component text 1`] = `
<DocumentFragment>
  <g>
    <rect
      height="0"
      role="presentation"
      shape-rendering="auto"
      style="fill: none;"
      vector-effect="non-scaling-stroke"
      width="0"
      x="NaN"
      y="NaN"
    />
  </g>
</DocumentFragment>
`;
