// Vitest Snapshot v1, https://vitest.dev/guide/snapshot.html

exports[`CardFooter > renders with PatternFly Core styles 1`] = `
<DocumentFragment>
  <div
    class="pf-v5-c-card__footer"
  />
</DocumentFragment>
`;
