// Vitest Snapshot v1, https://vitest.dev/guide/snapshot.html

exports[`CardTitle > renders with PatternFly Core styles 1`] = `
<DocumentFragment>
  <div
    class="pf-v5-c-card__title"
  >
    <div
      class="pf-v5-c-card__title-text"
    >
      text
    </div>
  </div>
</DocumentFragment>
`;
