// Vitest Snapshot v1, https://vitest.dev/guide/snapshot.html

exports[`generates id 1`] = `
<DocumentFragment>
  <div
    id="pf-random-id-0"
  >
    div with random ID
  </div>
</DocumentFragment>
`;
