// Vitest Snapshot v1, https://vitest.dev/guide/snapshot.html

exports[`Matches the snapshot 1`] = `
<DocumentFragment>
  <li
    class=""
  >
    Test
  </li>
</DocumentFragment>
`;
