// Vitest Snapshot v1, https://vitest.dev/guide/snapshot.html

exports[`Matches the snapshot 1`] = `
<DocumentFragment>
  <p
    class=""
    data-ouia-component-id="ouia-id"
    data-ouia-component-type="PF5/Text"
    data-ouia-safe="true"
    data-pf-content="true"
  >
    Test
  </p>
</DocumentFragment>
`;
