// Vitest Snapshot v1, https://vitest.dev/guide/snapshot.html

exports[`Renders to match snapshot 1`] = `
<DocumentFragment>
  <dl
    class="pf-v5-c-description-list"
  />
</DocumentFragment>
`;
