// Vitest Snapshot v1, https://vitest.dev/guide/snapshot.html

exports[`EmptyStateBody should match snapshot (auto-generated) 1`] = `
<DocumentFragment>
  <div
    class="pf-v5-c-empty-state__body ''"
  >
    <div>
      ReactNode
    </div>
  </div>
</DocumentFragment>
`;
