// Vitest Snapshot v1, https://vitest.dev/guide/snapshot.html

exports[`NotificationDrawerListItem > renders with PatternFly Core styles 1`] = `
<DocumentFragment>
  <li
    class="pf-v5-c-notification-drawer__list-item pf-m-hoverable pf-m-custom"
    tabindex="0"
  >
    <span
      class="pf-v5-screen-reader"
    >
      unread
    </span>
  </li>
</DocumentFragment>
`;
