// Vitest Snapshot v1, https://vitest.dev/guide/snapshot.html

exports[`NotificationDrawerGroupList > renders with PatternFly Core styles 1`] = `
<DocumentFragment>
  <div
    class="pf-v5-c-notification-drawer__group-list"
  />
</DocumentFragment>
`;
