// Vitest Snapshot v1, https://vitest.dev/guide/snapshot.html

exports[`Renders ContextSelectorFooter 1`] = `
<DocumentFragment>
  <div
    class="pf-v5-c-context-selector__menu-footer"
  >
    testing text
  </div>
</DocumentFragment>
`;
