// Vitest Snapshot v1, https://vitest.dev/guide/snapshot.html

exports[`OverflowMenuControl > Additional Options 1`] = `
<DocumentFragment>
  <div
    class="pf-v5-c-overflow-menu__control"
  >
      
  </div>
</DocumentFragment>
`;
