// Vitest Snapshot v1, https://vitest.dev/guide/snapshot.html

exports[`WizardFooter should match snapshot (auto-generated) 1`] = `
<DocumentFragment>
  <footer
    class="pf-v5-c-wizard__footer"
  >
    any
  </footer>
</DocumentFragment>
`;
