// Vitest Snapshot v1, https://vitest.dev/guide/snapshot.html

exports[`WizardBody should match snapshot (auto-generated) 1`] = `
<DocumentFragment>
  <div
    class="pf-v5-c-wizard__main"
  >
    <div
      class="pf-v5-c-wizard__main-body"
    >
      any
    </div>
  </div>
</DocumentFragment>
`;
