// Vitest Snapshot v1, https://vitest.dev/guide/snapshot.html

exports[`Matches the snapshot 1`] = `
<DocumentFragment>
  <span
    class="pf-v5-c-badge pf-m-unread"
  >
    Test
  </span>
</DocumentFragment>
`;
