// Vitest Snapshot v1, https://vitest.dev/guide/snapshot.html

exports[`ProgressBar should match snapshot (auto-generated) 1`] = `
<DocumentFragment>
  <div
    class="pf-v5-c-progress__bar ''"
  >
    <div
      class="pf-v5-c-progress__indicator"
      style="width: 42%;"
    >
      <span
        class="pf-v5-c-progress__measure"
      >
        ReactNode
      </span>
    </div>
  </div>
</DocumentFragment>
`;
