// Vitest Snapshot v1, https://vitest.dev/guide/snapshot.html

exports[`AlertGroupInline should match snapshot (auto-generated) 1`] = `
<DocumentFragment>
  <ul
    class="pf-v5-c-alert-group"
    role="list"
  />
</DocumentFragment>
`;
