// Vitest Snapshot v1, https://vitest.dev/guide/snapshot.html

exports[`LevelItem should match snapshot (auto-generated) 1`] = `
<DocumentFragment>
  <div>
    ReactNode
  </div>
</DocumentFragment>
`;
