// Vitest Snapshot v1, https://vitest.dev/guide/snapshot.html

exports[`Matches snapshot 1`] = `
<DocumentFragment>
  <div
    class="pf-v5-c-page__sidebar-body"
  >
    Test
  </div>
</DocumentFragment>
`;
