// Vitest Snapshot v1, https://vitest.dev/guide/snapshot.html

exports[`AccordionContent should match snapshot (auto-generated) 1`] = `
<DocumentFragment>
  <div />
</DocumentFragment>
`;
