// Vitest Snapshot v1, https://vitest.dev/guide/snapshot.html

exports[`Matches snapshot 1`] = `
<DocumentFragment>
  <div
    class="pf-v5-c-alert__icon"
  >
    Bell icon mock
  </div>
</DocumentFragment>
`;
