// Vitest Snapshot v1, https://vitest.dev/guide/snapshot.html

exports[`Matches the snapshot 1`] = `
<DocumentFragment>
  <div
    class="pf-v5-c-sidebar"
  >
    <div
      class="pf-v5-c-sidebar__main"
    >
      Test
    </div>
  </div>
</DocumentFragment>
`;
