// Vitest Snapshot v1, https://vitest.dev/guide/snapshot.html

exports[`Menu > should render Menu successfully 1`] = `
<DocumentFragment>
  <div
    class="pf-v5-c-menu"
    data-ouia-component-id="OUIA-Generated-Menu-1"
    data-ouia-component-type="PF5/Menu"
    data-ouia-safe="true"
  >
    content
  </div>
</DocumentFragment>
`;
