// Vitest Snapshot v1, https://vitest.dev/guide/snapshot.html

exports[`Gutter 1`] = `
<DocumentFragment>
  <div
    class="pf-v5-l-level pf-m-gutter"
  />
</DocumentFragment>
`;

exports[`item 1`] = `
<DocumentFragment>
  <div>
    Level Item
  </div>
</DocumentFragment>
`;
