// Vitest Snapshot v1, https://vitest.dev/guide/snapshot.html

exports[`Matches the snapshot 1`] = `
<DocumentFragment>
  <div
    class="pf-v5-c-progress__helper-text"
  >
    test
  </div>
</DocumentFragment>
`;
