// Vitest Snapshot v1, https://vitest.dev/guide/snapshot.html

exports[`LoginHeader should match snapshot (auto-generated) 1`] = `
<DocumentFragment>
  <header
    class="pf-v5-c-login__header ''"
  >
    ReactNode
  </header>
</DocumentFragment>
`;
