// Vitest Snapshot v1, https://vitest.dev/guide/snapshot.html

exports[`matches snapshot 1`] = `
<DocumentFragment>
  <div
    class="pf-v5-c-hint__body"
  >
    <button>
      Test
    </button>
  </div>
</DocumentFragment>
`;
