// Vitest Snapshot v1, https://vitest.dev/guide/snapshot.html

exports[`Renders to match snapshot 1`] = `
<DocumentFragment>
  <div
    class="pf-v5-c-data-list__item-action"
  >
    test
  </div>
</DocumentFragment>
`;
