// Vitest Snapshot v1, https://vitest.dev/guide/snapshot.html

exports[`PopoverDialog should match snapshot (auto-generated) 1`] = `
<DocumentFragment>
  <div
    aria-modal="true"
    class="pf-v5-c-popover pf-m-top null"
    role="dialog"
  >
    ReactNode
  </div>
</DocumentFragment>
`;
