// Vitest Snapshot v1, https://vitest.dev/guide/snapshot.html

exports[`PopoverBody should match snapshot (auto-generated) 1`] = `
<DocumentFragment>
  <div
    class="pf-v5-c-popover__body"
    id="string"
  >
    <div>
      ReactNode
    </div>
  </div>
</DocumentFragment>
`;
