// Vitest Snapshot v1, https://vitest.dev/guide/snapshot.html

exports[`ModalBoxBody Test 1`] = `
<DocumentFragment>
  <div
    class="pf-v5-c-modal-box__body test-box-class"
    id="id"
  >
    This is a ModalBox header
  </div>
</DocumentFragment>
`;
