// Vitest Snapshot v1, https://vitest.dev/guide/snapshot.html

exports[`DataListAction should match snapshot (auto-generated) 1`] = `
<DocumentFragment>
  <div
    class="pf-v5-c-data-list__item-action ''"
  >
    <div>
      ReactNode
    </div>
  </div>
</DocumentFragment>
`;
