// Vitest Snapshot v1, https://vitest.dev/guide/snapshot.html

exports[`DataListCell should match snapshot (auto-generated) 1`] = `
<DocumentFragment>
  <div
    class="pf-v5-c-data-list__cell ''"
  >
    ReactNode
  </div>
</DocumentFragment>
`;
