// Vitest Snapshot v1, https://vitest.dev/guide/snapshot.html

exports[`matches snapshot 1`] = `
<DocumentFragment>
  <div
    class="custom-class"
    data-testid="menu-list-mock"
  >
    <div>
      Dropdown List children
    </div>
  </div>
</DocumentFragment>
`;
