// Vitest Snapshot v1, https://vitest.dev/guide/snapshot.html

exports[`matches snapshot 1`] = `
<DocumentFragment>
  <div
    class="custom-class"
    data-testid="menu-item-mock"
  >
    <div>
      Dropdown Item children
    </div>
  </div>
  <p>
    description: Test description
  </p>
  <p>
    itemId: undefined
  </p>
</DocumentFragment>
`;
