// Vitest Snapshot v1, https://vitest.dev/guide/snapshot.html

exports[`TextList should match snapshot (auto-generated) 1`] = `
<DocumentFragment>
  <ul
    class="''"
  >
    ReactNode
  </ul>
</DocumentFragment>
`;
