// Vitest Snapshot v1, https://vitest.dev/guide/snapshot.html

exports[`ApplicationLauncherText should match snapshot (auto-generated) 1`] = `
<DocumentFragment>
  <span
    class="pf-v5-c-app-launcher__menu-item-text ''"
  >
    <div>
      ReactNode
    </div>
  </span>
</DocumentFragment>
`;
