// Vitest Snapshot v1, https://vitest.dev/guide/snapshot.html

exports[`ApplicationLauncherGroup should match snapshot (auto-generated) 1`] = `
<DocumentFragment>
  <section
    class=""
  >
    <ul
      role="none"
    />
  </section>
</DocumentFragment>
`;
